// Vitest Snapshot v1

exports[`TweetCard > 正しく表示されること 1`] = `
<DocumentFragment>
  <article
    class="whitespace-pre-wrap border-b p-4"
  >
    <p>
      Hello World!
    </p>
    <p
      class="text-xs text-gray-500"
    >
      2022-02-04T10:40:23.885Z
    </p>
  </article>
</DocumentFragment>
`;
